npm notice run frontend@0.0.0 build
npm notice run ng build
❯ Building...
✔ Building...
Initial chunk files | Names               |  Raw size | Estimated transfer size
main-TLGPEG5B.js    | main                | 324.72 kB |                76.59 kB
styles-JG7EAGFK.css | styles              | 230.85 kB |                22.46 kB
chunk-Ccg4Bd-4.js   | -                   | 178.55 kB |                52.93 kB
chunk-BT3WYlZ6.js   | -                   |  60.99 kB |                17.38 kB

                    | Initial total       | 795.12 kB |               169.36 kB

Lazy chunk files    | Names               |  Raw size | Estimated transfer size
chunk-GGTeo4gH.js   | products-component  | 518.36 kB |               139.56 kB
chunk-mMn8Dt5I.js   | browser             |  67.91 kB |                17.79 kB
chunk-GOK39U7l.js   | -                   |  19.13 kB |                 5.00 kB
chunk-NMQ74RUM.js   | store-component     |  15.14 kB |                 4.36 kB
chunk-C7HuKq_x.js   | -                   |  13.59 kB |                 2.77 kB
chunk-CXrAAspc.js   | cart-component      |  12.90 kB |                 3.86 kB
chunk-bHTFlAb7.js   | branches-component  |  12.87 kB |                 3.61 kB
chunk-BfU1zFRU.js   | orders-component    |  10.37 kB |                 3.32 kB
chunk-CnszHy2Q.js   | coupons-component   |   8.48 kB |                 2.74 kB
chunk-q3z5Iqv_.js   | taxonomy-component  |   8.36 kB |                 2.21 kB
chunk-CZT4FyJ_.js   | profile-component   |   7.72 kB |                 2.23 kB
chunk-Da0a1Xgd.js   | dashboard-component |   6.88 kB |                 2.21 kB
chunk-E2MBSsA_.js   | orders-component    |   6.42 kB |                 2.35 kB
chunk-C7aGUUIM.js   | pay-component       |   5.63 kB |                 1.88 kB
chunk-DrmpdOwz.js   | users-component     |   4.65 kB |                 1.75 kB
...and 12 more lazy chunks files. Use "--verbose" to show all the files.

Application bundle generation complete. [4.727 seconds] - 2026-10-08T01:34:55.054Z

Output location: C:\Users\lavantien\dev\github\FlowerShop\src\main\resources\public

