npm notice run frontend@0.0.0 build
npm notice run ng build
❯ Building...
✔ Building...
Initial chunk files | Names               |  Raw size | Estimated transfer size
main-GITFX3L2.js    | main                | 326.50 kB |                77.28 kB
styles-JG7EAGFK.css | styles              | 230.85 kB |                22.46 kB
chunk-ow-I2vvr.js   | -                   | 178.68 kB |                52.88 kB
chunk-DhsWW26a.js   | -                   |  60.99 kB |                17.39 kB

                    | Initial total       | 797.03 kB |               170.01 kB

Lazy chunk files    | Names               |  Raw size | Estimated transfer size
chunk-DCKUiiiv.js   | products-component  | 518.36 kB |               139.56 kB
chunk-D_DZxN4J.js   | browser             |  67.91 kB |                17.82 kB
chunk-DdH2dt46.js   | -                   |  19.12 kB |                 5.00 kB
chunk-GjNQeUau.js   | store-component     |  15.55 kB |                 4.44 kB
chunk-D1lPWaHM.js   | -                   |  13.59 kB |                 2.76 kB
chunk-ChKeeegq.js   | cart-component      |  12.90 kB |                 3.85 kB
chunk-_938v1ti.js   | branches-component  |  12.87 kB |                 3.61 kB
chunk-DJl08VBN.js   | orders-component    |  10.36 kB |                 3.31 kB
chunk-DWNl6Z1k.js   | coupons-component   |   8.48 kB |                 2.73 kB
chunk-DjiLS3SN.js   | taxonomy-component  |   8.36 kB |                 2.22 kB
chunk-CBoMZB1Q.js   | profile-component   |   7.72 kB |                 2.22 kB
chunk-CBlwULFO.js   | dashboard-component |   6.88 kB |                 2.21 kB
chunk-EhvL_JML.js   | orders-component    |   6.42 kB |                 2.35 kB
chunk-CLz8kz7J.js   | pay-component       |   5.62 kB |                 1.88 kB
chunk-ikS5g01V.js   | users-component     |   4.65 kB |                 1.74 kB
...and 12 more lazy chunks files. Use "--verbose" to show all the files.

Application bundle generation complete. [2.790 seconds] - 2026-10-08T01:44:11.963Z

Output location: C:\Users\lavantien\dev\github\FlowerShop\src\main\resources\public

